../Core/Src/ads131m0x.c:69:6:MX_SPI3_Init	8	static
../Core/Src/ads131m0x.c:120:10:getRegisterValue	16	static
../Core/Src/ads131m0x.c:141:6:adcStartup	16	static
../Core/Src/ads131m0x.c:186:10:readSingleRegister	48	static
../Core/Src/ads131m0x.c:274:6:writeSingleRegister	56	static
../Core/Src/ads131m0x.c:344:6:readData	48	static
../Core/Src/ads131m0x.c:519:10:sendCommand	40	static
../Core/Src/ads131m0x.c:573:6:resetDevice	32	static
../Core/Src/ads131m0x.c:639:6:lockRegisters	32	static
../Core/Src/ads131m0x.c:687:6:unlockRegisters	32	static
../Core/Src/ads131m0x.c:742:10:calculateCRC	32	static
../Core/Src/ads131m0x.c:827:6:restoreRegisterDefaults	4	static
../Core/Src/ads131m0x.c:915:9:upperByte	24	static
../Core/Src/ads131m0x.c:936:9:lowerByte	24	static
../Core/Src/ads131m0x.c:958:10:combineBytes	24	static
../Core/Src/ads131m0x.c:979:9:signExtend	32	static
../Core/Src/ads131m0x.c:1043:9:buildSPIarray	40	static
../Core/Src/ads131m0x.c:1088:10:enforce_selected_device_modes	16	static
../Core/Src/ads131m0x.c:1164:9:getWordByteLength	8	static
